[studioslowpace.wixsite.com/slowpacestudio.html]
[static.parastorage.com/unpkg/@formatjs/intl-segmenter@11.7.10/polyfill.iife.js]
[static.parastorage.com/unpkg/core-js-bundle@3.2.1/minified.js]
[static.parastorage.com/unpkg/focus-within-polyfill@5.0.9/dist/focus-within-polyfill.js]
[studioslowpace.wixsite.com/C,location.4.delayed]
[studioslowpace.wixsite.com/index.html]
[studioslowpace.wixsite.com/t.5.delayed]
[studioslowpace.wixsite.com/o.6.delayed]
[backblue.gif]
[fade.gif]
[index.html]
[studioslowpace.wixsite.com/slowpacestudio/blog-feed.xml]
[static.wixstatic.com/media/fc4bd9_4388b1f637fa4993b4e82dfcb18eca81_mv2.png/v1/fill/w_239,h_60,al_c,q_85,usm_0.66_1.00_0.01,enc_avif,quality_auto/logo3(長方)_工作區域 1.png]
[studioslowpace.wixsite.com/slowpacestudio/副本-自主企劃-passion-project.html]
[studioslowpace.wixsite.com/slowpacestudio/blank.html]
[studioslowpace.wixsite.com/slowpacestudio/客舍電子報.html]
[studioslowpace.wixsite.com/slowpacestudio/客舍萬事屋.html]
[studioslowpace.wixsite.com/slowpacestudio/尋找書友.html]
[studioslowpace.wixsite.com/slowpacestudio/商店-shop.html]
[studioslowpace.wixsite.com/slowpacestudio/悠閒小遊戲.html]
[studioslowpace.wixsite.com/slowpacestudio/空間友使用時間表.html]
[studioslowpace.wixsite.com/slowpacestudio/聯絡我們-contact-us.html]
[static.wixstatic.com/media/fc4bd9_23f9876549ac49f6a27ad63ed28cc2fc_mv2.jpg/v1/fill/w_70,h_47,al_c,q_80,usm_0.66_1.00_0.01,blur_2,enc_avif,quality_auto/fc4bd9_23f9876549ac49f6a27ad63ed28cc2fc_mv2.jpg]
[static.wixstatic.com/media/fc4bd9_0249e88e2e284d1b8c00788960ea6c8c_mv2.jpg/v1/fill/w_588,h_218,al_c,q_80,usm_0.66_1.00_0.01,enc_avif,quality_auto/header_r1_edited.jpg]
[static.wixstatic.com/media/fc4bd9_ff0c55c881134397a08e64979248f3d7_mv2.png/v1/fill/w_364,h_306,al_c,q_85,usm_0.66_1.00_0.01,enc_avif,quality_auto/logo(正方)_工作區域 1.png]
[static.wixstatic.com/media/fc4bd9_e4d68be3d87448129b9e2ea43c54a44e_mv2.png/v1/crop/x_642,y_456,w_510,h_1194/fill/w_170,h_398,al_c,q_85,usm_0.66_1.00_0.01,enc_avif,quality_auto/IMG_1118_PNG.png]
[static.wixstatic.com/media/fc4bd9_e2123b8be3cf4635b78bf6af2bbaf1ec_mv2.png/v1/crop/x_1044,y_375,w_552,h_1377/fill/w_184,h_459,al_c,q_85,usm_0.66_1.00_0.01,enc_avif,quality_auto/IMG_1117_PNG.png]
[static.wixstatic.com/media/fc4bd9_d97273a9f37a40e19babc825bdb05866_mv2.gif]
[static.wixstatic.com/media/11062b_55e4be1e75564866b6c28290f9a9d271_mv2.png/v1/fill/w_39,h_39,al_c,q_85,usm_0.66_1.00_0.01,enc_avif,quality_auto/11062b_55e4be1e75564866b6c28290f9a9d271_mv2.png]
[static.wixstatic.com/media/fc4bd9_ff0c55c881134397a08e64979248f3d7_mv2.png/v1/fill/w_236,h_232,al_c,q_85,usm_0.66_1.00_0.01,enc_avif,quality_auto/fc4bd9_ff0c55c881134397a08e64979248f3d7_mv2.png]
[studioslowpace.wixsite.com/${s.1a.delayed]
[studioslowpace.wixsite.com/window.location.1b.delayed]
[browser.sentry-cdn.com/7.120.3/bundle.tracing.es5.min.js]
[browser.sentry-cdn.com/7.120.3/modulemetadata.es5.min.js]
[studioslowpace.wixsite.com/sitemap.1e.delayed]
[studioslowpace.wixsite.com/api/index.html]
[studioslowpace.wixsite.com/feed.1f.delayed]
[static.parastorage.com/unpkg/react@18.3.1/umd/react.production.min.js]
[static.parastorage.com/unpkg/react-dom@18.3.1/umd/react-dom.production.min.js]
[studioslowpace.wixsite.com/envelope/index.html]
[static.parastorage.com/unpkg/lodash@4.17.21/lodash.min.js]
[static.parastorage.com/services/wix-thunderbolt/dist/thunderbolt-commons.8a79fac6.bundle.min.js]
[static.parastorage.com/services/wix-thunderbolt/dist/main.4af3a3b4.bundle.min.js]
[static.parastorage.com/services/wix-thunderbolt/dist/main.renderer.99fa8096.bundle.min.js]
[static.parastorage.com/services/wix-thunderbolt/dist/browser-deprecation.bundle.es5.js]
[studioslowpace.wixsite.com/e.27.delayed]
[studioslowpace.wixsite.com/slowpacestudio.html]
[studioslowpace.wixsite.com/index.html]
[studioslowpace.wixsite.com/C,location.html]
[studioslowpace.wixsite.com/t.html]
[studioslowpace.wixsite.com/o.html]
[static.parastorage.com/services/tag-manager-client/1.1066.0/siteTags.bundle.min.js]
[studioslowpace.wixsite.com/slowpacestudio/C,location.29.delayed]
[studioslowpace.wixsite.com/slowpacestudio/t.2a.delayed]
[studioslowpace.wixsite.com/slowpacestudio/o.2b.delayed]
[studioslowpace.wixsite.com/slowpacestudio/空間共學.html]
[static.wixstatic.com/media/fc4bd9_42420fbb829843cc9580f55cba7a76b7_mv2.jpg/v1/fill/w_170,h_170,al_c,q_80,usm_0.66_1.00_0.01,enc_avif,quality_auto/IMG_0977_edited_edited.jpg]
[static.wixstatic.com/media/fc4bd9_942e804ff7d347d9a1eb38c23be15b5d_mv2.jpg/v1/fill/w_170,h_170,al_c,q_80,usm_0.66_1.00_0.01,enc_avif,quality_auto/IMG_0980_edited.jpg]
[studioslowpace.wixsite.com/slowpacestudio/來一場談話.html]
[static.wixstatic.com/media/fc4bd9_bc033a575e4d49509df49a6643d8c1a5_mv2.jpg/v1/fill/w_170,h_170,al_c,q_80,usm_0.66_1.00_0.01,enc_avif,quality_auto/IMG_0978_edited.jpg]
[studioslowpace.wixsite.com/slowpacestudio/圍爐讀書.html]
[static.wixstatic.com/media/fc4bd9_2f2e86b140804d71a2b3e726f6894475_mv2.jpg/v1/fill/w_170,h_170,al_c,q_80,usm_0.66_1.00_0.01,enc_avif,quality_auto/IMG_0980_edited.jpg]
[studioslowpace.wixsite.com/slowpacestudio/喃喃渡步.html]
[static.wixstatic.com/media/fc4bd9_602b36a7ba874177ad8933f6a1477654_mv2.jpg/v1/fill/w_170,h_170,al_c,q_80,usm_0.66_1.00_0.01,enc_avif,quality_auto/IMG_0980_edited.jpg]
[static.wixstatic.com/media/fc4bd9_fb544108b295462591eaa3bcc8b63d5e_mv2.jpg/v1/fill/w_170,h_170,al_c,q_80,usm_0.66_1.00_0.01,enc_avif,quality_auto/IMG_0980_edited.jpg]
[studioslowpace.wixsite.com/slowpacestudio/${s.36.delayed]
[studioslowpace.wixsite.com/slowpacestudio/window.location.37.delayed]
[studioslowpace.wixsite.com/slowpacestudio/robots.38.delayed]
[studioslowpace.wixsite.com/slowpacestudio/sitemap.xml]
[studioslowpace.wixsite.com/slowpacestudio/feed.3a.delayed]
[studioslowpace.wixsite.com/slowpacestudio/e.3b.delayed]
[studioslowpace.wixsite.com/slowpacestudio/副本-自主企劃-passion-project.html]
[studioslowpace.wixsite.com/slowpacestudio/blank.html]
[studioslowpace.wixsite.com/slowpacestudio/客舍電子報.html]
[studioslowpace.wixsite.com/slowpacestudio/客舍萬事屋.html]
[static.parastorage.com/services/wix-thunderbolt/dist/thunderbolt-commons.e627af1c.bundle.min.js]
[studioslowpace.wixsite.com/slowpacestudio/尋找書友.html]
[static.parastorage.com/services/wix-thunderbolt/dist/main.33bf9aa1.bundle.min.js]
[studioslowpace.wixsite.com/slowpacestudio/product-page/森林的終點是海卡牌.html]
[static.wixstatic.com/media/fc4bd9_d49660afe0b949f29a0247dd647855e7_mv2.jpg/v1/fill/w_147,h_184,al_c,q_80,usm_0.66_1.00_0.01,blur_2,enc_avif,quality_auto/fc4bd9_d49660afe0b949f29a0247dd647855e7_mv2.jpg]
[studioslowpace.wixsite.com/slowpacestudio/商店-shop.html]
[studioslowpace.wixsite.com/slowpacestudio/悠閒小遊戲.html]
[static.parastorage.com/services/wixstores-client-gallery/1.5966.0/GridGalleryViewerWidgetNoCss.bundle.min.js]
[static.parastorage.com/services/editor-elements-library/dist/thunderbolt/media/sloppyframe.3214ce8e.png]
[static.parastorage.com/services/form-app/1.2744.0/client-viewer/1693.chunk.min.js]
[static.parastorage.com/services/form-app/1.2744.0/client-viewer/form-app-header.chunk.min.js]
[static.parastorage.com/services/form-app/1.2744.0/client-viewer/form-app-wix-ricos-viewer.chunk.min.js]
[static.parastorage.com/services/form-app/1.2744.0/client-viewer/form-app-text-area.chunk.min.js]
[studioslowpace.wixsite.com/slowpacestudio/聯絡我們-contact-us.html]
[studioslowpace.wixsite.com/slowpacestudio/空間友使用時間表.html]
[studioslowpace.wixsite.com/${s.html]
[studioslowpace.wixsite.com/window.location.html]
[studioslowpace.wixsite.com/api/index.html]
[studioslowpace.wixsite.com/envelope/index.html]
[studioslowpace.wixsite.com/sitemap.html]
[studioslowpace.wixsite.com/feed.html]
[studioslowpace.wixsite.com/e.html]
[studioslowpace.wixsite.com/slowpacestudio/C,location.html]
[studioslowpace.wixsite.com/slowpacestudio/t.html]
[studioslowpace.wixsite.com/slowpacestudio/o.html]
[static.parastorage.com/services/form-app/1.2744.0/FormViewerWidgetNoCss.bundle.min.js]
[static.wixstatic.com/media/fc4bd9_0aa7dc3e2f684aefa1c7d2b2b1339050_mv2.jpg/v1/fill/w_42,h_52,al_c,q_80,usm_0.66_1.00_0.01,blur_2,enc_avif,quality_auto/fc4bd9_0aa7dc3e2f684aefa1c7d2b2b1339050_mv2.jpg]
[static.wixstatic.com/media/fc4bd9_b0873f149a8846638c4ee343e6d8acc1_mv2.png/v1/fill/w_378,h_465,al_c,q_85,usm_0.66_1.00_0.01,enc_avif,quality_auto/exhibition.png]
[studioslowpace.wixsite.com/slowpacestudio/被遺忘的一角展覽.html]
[static.wixstatic.com/media/fc4bd9_b9e90c9dbb34438a972ff9ee0de723be_mv2.jpg/v1/fill/w_147,h_147,al_c,q_80,usm_0.66_1.00_0.01,blur_2,enc_avif,quality_auto/fc4bd9_b9e90c9dbb34438a972ff9ee0de723be_mv2.jpg]
[static.wixstatic.com/media/fc4bd9_cf8bd049cf1a45129477efbf1f7ec7f6_mv2.jpg/v1/fill/w_147,h_110,al_c,q_80,usm_0.66_1.00_0.01,blur_2,enc_avif,quality_auto/fc4bd9_cf8bd049cf1a45129477efbf1f7ec7f6_mv2.jpg]
[static.wixstatic.com/media/fc4bd9_0aa7dc3e2f684aefa1c7d2b2b1339050_mv2.jpg/v1/fill/w_147,h_183,al_c,q_80,usm_0.66_1.00_0.01,blur_2,enc_avif,quality_auto/fc4bd9_0aa7dc3e2f684aefa1c7d2b2b1339050_mv2.jpg]
[static.wixstatic.com/media/fc4bd9_0cd51f91168544ffbc5f28fc72f6f591_mv2.jpg/v1/fill/w_383,h_481,al_c,q_80,usm_0.66_1.00_0.01,enc_avif,quality_auto/4f135dd2-6dc5-48c6-8d74-beb0336c4a9e_JPG.jpg]
[static.wixstatic.com/media/fc4bd9_27a06354c7ee459bba26be40fb0cde48_mv2.jpg/v1/fill/w_364,h_364,al_c,q_80,usm_0.66_1.00_0.01,enc_avif,quality_auto/漢墓導賞團Post_edited.jpg]
[static.wixstatic.com/media/fc4bd9_c9b4850b4cfe4e38ae03a495738a6bb2_mv2.png/v1/fill/w_364,h_364,al_c,q_85,usm_0.66_1.00_0.01,enc_avif,quality_auto/zine.png]
[studioslowpace.wixsite.com/slowpacestudio/空間共學.html]
[static.wixstatic.com/media/fc4bd9_89c9361d5ec4445c83eda49cbd46415a_mv2.png/v1/fill/w_306,h_376,al_c,q_85,usm_0.66_1.00_0.01,enc_avif,quality_auto/Screenshot 2025-10-21 125752_edited_edited_edited.png]
[static.wixstatic.com/media/fc4bd9_14226b2cecab4cc1b188676e1d99fc01_mv2.png/v1/fill/w_306,h_338,al_c,q_85,usm_0.66_1.00_0.01,enc_avif,quality_auto/關於內疚_edited.png]
[static.wixstatic.com/media/fc4bd9_531b5c1a6c044793a963a4e0d34c5776_mv2.png/v1/fill/w_306,h_376,al_c,q_85,usm_0.66_1.00_0.01,enc_avif,quality_auto/關於好奇_PNG.png]
[static.wixstatic.com/media/fc4bd9_9e61637ce9aa4a098856284001f1c757_mv2.png/v1/fill/w_306,h_376,al_c,q_85,usm_0.66_1.00_0.01,enc_avif,quality_auto/關於把握_PNG.png]
[static.wixstatic.com/media/fc4bd9_1d4031b62e90490c8e0ce2175ed3be08_mv2.png/v1/fill/w_306,h_376,al_c,q_85,usm_0.66_1.00_0.01,enc_avif,quality_auto/關於技能_PNG.png]
[static.wixstatic.com/media/fc4bd9_e9db3e7f850c4c6e88d6cfc8535b5892_mv2.png/v1/fill/w_306,h_376,al_c,q_85,usm_0.66_1.00_0.01,enc_avif,quality_auto/關於閱讀_PNG.png]
[static.wixstatic.com/media/fc4bd9_cea262a45ab94583a2a0eb78ed4a5974_mv2.png/v1/fill/w_306,h_376,al_c,q_85,usm_0.66_1.00_0.01,enc_avif,quality_auto/關於歷史_PNG.png]
[static.wixstatic.com/media/fc4bd9_5ad3ca3d023c48f8938417aac017a98e_mv2.png/v1/fill/w_306,h_301,al_c,q_85,usm_0.66_1.00_0.01,enc_avif,quality_auto/關於軌跡_PNG.png]
[static.wixstatic.com/media/fc4bd9_bab5a0c0f6e54b89a1038bc5be9e0d21_mv2.png/v1/fill/w_306,h_301,al_c,q_85,usm_0.66_1.00_0.01,enc_avif,quality_auto/關於死亡_PNG.png]
[static.wixstatic.com/media/fc4bd9_7b69f099cb0d49349d2dadb56099acb5_mv2.png/v1/fill/w_306,h_301,al_c,q_85,usm_0.66_1.00_0.01,enc_avif,quality_auto/關於空間_PNG.png]
[static.wixstatic.com/media/fc4bd9_15f6562dfad341fcbbe3b0c1f468bb97_mv2.png/v1/fill/w_306,h_301,al_c,q_85,usm_0.66_1.00_0.01,enc_avif,quality_auto/關於認知_PNG.png]
[static.wixstatic.com/media/fc4bd9_2fd62f19a82e4675b5c9f06f06292ebb_mv2.png/v1/fill/w_306,h_301,al_c,q_85,usm_0.66_1.00_0.01,enc_avif,quality_auto/關於書寫_PNG.png]
[static.wixstatic.com/media/fc4bd9_b27b66526deb4e98aa60c0a7bf44dac7_mv2.png/v1/fill/w_306,h_301,al_c,q_85,usm_0.66_1.00_0.01,enc_avif,quality_auto/關於遺忘_PNG.png]
[static.wixstatic.com/media/fc4bd9_8466efdd9caa4a188ebf556bdab7b0bf_mv2.png/v1/fill/w_306,h_301,al_c,q_85,usm_0.66_1.00_0.01,enc_avif,quality_auto/關於回憶_PNG.png]
[static.wixstatic.com/media/fc4bd9_34d1267350fc41cc81a5193498377474_mv2.png/v1/fill/w_306,h_301,al_c,q_85,usm_0.66_1.00_0.01,enc_avif,quality_auto/關於馴化_PNG.png]
[static.wixstatic.com/media/fc4bd9_dfe42af95a634a20bebcfc36518c30c7_mv2.png/v1/fill/w_306,h_301,al_c,q_85,usm_0.66_1.00_0.01,enc_avif,quality_auto/關於休息_PNG.png]
[static.wixstatic.com/media/fc4bd9_ba4a33deb885427c8742face5a3c4837_mv2.png/v1/fill/w_306,h_301,al_c,q_85,usm_0.66_1.00_0.01,enc_avif,quality_auto/關於歌詞_PNG.png]
[studioslowpace.wixsite.com/slowpacestudio/來一場談話.html]
[static.wixstatic.com/media/fc4bd9_ab727e2487e34453b64b52a1689a175b_mv2.jpg/v1/fill/w_454,h_244,al_c,q_80,usm_0.66_1.00_0.01,enc_avif,quality_auto/讀書會zine2_pages-to-jpg-0001_edited.jpg]
[static.wixstatic.com/media/fc4bd9_3df91c21e26d4fc99a60a9805c123626_mv2.png/v1/crop/x_0,y_70,w_1080,h_1211/fill/w_364,h_408,al_c,q_85,usm_0.66_1.00_0.01,enc_avif,quality_auto/IMG_1120_PNG.png]
[static.wixstatic.com/media/fc4bd9_b20344f3851f4be5a34eff6488a0e784_mv2.png/v1/crop/x_0,y_41,w_624,h_699/fill/w_364,h_408,al_c,q_85,usm_0.66_1.00_0.01,enc_avif,quality_auto/brave new world_PNG.png]
[static.wixstatic.com/media/fc4bd9_d1110addbcd64a109aa52d51c835c33e_mv2.png/v1/crop/x_0,y_70,w_1080,h_1211/fill/w_364,h_408,al_c,q_85,usm_0.66_1.00_0.01,enc_avif,quality_auto/IMG_1121_PNG.png]
[static.wixstatic.com/media/fc4bd9_e53e252239e947f1b8caeb7d9ffaef59_mv2.png/v1/crop/x_32,y_0,w_557,h_624/fill/w_364,h_408,al_c,q_85,usm_0.66_1.00_0.01,enc_avif,quality_auto/西西_PNG.png]
[static.wixstatic.com/media/fc4bd9_6cb6dcfb81b1497ebb41fb47476ddfc3_mv2.png/v1/crop/x_0,y_43,w_617,h_692/fill/w_364,h_408,al_c,q_85,usm_0.66_1.00_0.01,enc_avif,quality_auto/母魚_PNG.png]
[static.wixstatic.com/media/fc4bd9_3d12cb43f21b496eb373556c78bf62d5_mv2.png/v1/crop/x_24,y_0,w_565,h_633/fill/w_364,h_408,al_c,q_85,usm_0.66_1.00_0.01,enc_avif,quality_auto/無知的教師_PNG.png]
[static.wixstatic.com/media/fc4bd9_20f6347bf84a45558fff9e8b4d742819_mv2.jpg/v1/crop/x_80,y_86,w_916,h_986/fill/w_364,h_408,al_c,q_80,usm_0.66_1.00_0.01,enc_avif,quality_auto/10.jpg]
[static.wixstatic.com/media/fc4bd9_e801eb0375514d24aa66f1fe9d0b2054_mv2.jpg/v1/crop/x_0,y_89,w_1024,h_1102/fill/w_364,h_408,al_c,q_80,usm_0.66_1.00_0.01,enc_avif,quality_auto/7.jpg]
[static.wixstatic.com/media/fc4bd9_57867cc69c704442ba1f6b12c2be79f0_mv2.png/v1/crop/x_0,y_94,w_1080,h_1162/fill/w_364,h_408,al_c,q_85,usm_0.66_1.00_0.01,enc_avif,quality_auto/9.png]
[static.wixstatic.com/media/fc4bd9_56ad73cc31a3404ea6fa3992e181227a_mv2.jpg/v1/crop/x_0,y_110,w_1277,h_1374/fill/w_364,h_408,al_c,q_80,usm_0.66_1.00_0.01,enc_avif,quality_auto/6-02.jpg]
[static.wixstatic.com/media/fc4bd9_36316f5ea7e1427a9cfa9b42541be6b2_mv2.png/v1/crop/x_0,y_94,w_1080,h_1162/fill/w_364,h_408,al_c,q_85,usm_0.66_1.00_0.01,enc_avif,quality_auto/5.png]
[static.wixstatic.com/media/fc4bd9_16e3794d9a0f484c8c34c39b996c6df9_mv2.png/v1/crop/x_108,y_29,w_1294,h_1394/fill/w_364,h_408,al_c,q_85,usm_0.66_1.00_0.01,enc_avif,quality_auto/4_edited.png]
[static.wixstatic.com/media/fc4bd9_3bb1c210a5784ca1bb36600e50d3748e_mv2.png/v1/crop/x_0,y_93,w_1080,h_1164/fill/w_364,h_408,al_c,q_85,usm_0.66_1.00_0.01,enc_avif,quality_auto/2.png]
[static.wixstatic.com/media/fc4bd9_65c7adf0b06e49509653f8521bbea23e_mv2.png/v1/crop/x_109,y_21,w_1228,h_1379/fill/w_364,h_408,al_c,q_85,usm_0.66_1.00_0.01,enc_avif,quality_auto/1_edited.png]
[studioslowpace.wixsite.com/slowpacestudio/圍爐讀書.html]
[static.wixstatic.com/media/fc4bd9_bd2bfad3ccab414f8a3deae40ba61f3a_mv2.jpg/v1/fill/w_97,h_68,al_c,q_80,usm_0.66_1.00_0.01,blur_2,enc_avif,quality_auto/fc4bd9_bd2bfad3ccab414f8a3deae40ba61f3a_mv2.jpg]
[studioslowpace.wixsite.com/slowpacestudio/喃喃渡步.html]
[studioslowpace.wixsite.com/slowpacestudio/${s.html]
[studioslowpace.wixsite.com/slowpacestudio/window.location.html]
[studioslowpace.wixsite.com/slowpacestudio/robots.html]
[studioslowpace.wixsite.com/slowpacestudio/feed.html]
[studioslowpace.wixsite.com/slowpacestudio/e.html]
[studioslowpace.wixsite.com/slowpacestudio/product-page/C,location.71.delayed]
[studioslowpace.wixsite.com/slowpacestudio/product-page/t.72.delayed]
[studioslowpace.wixsite.com/slowpacestudio/product-page/o.73.delayed]
[static.wixstatic.com/media/fc4bd9_d49660afe0b949f29a0247dd647855e7_mv2.jpg/v1/fill/w_1080,h_1349,al_c,q_85/fc4bd9_d49660afe0b949f29a0247dd647855e7_mv2.jpg]
[static.wixstatic.com/media/fc4bd9_d49660afe0b949f29a0247dd647855e7_mv2.jpg/v1/fill/w_162,h_202,al_c,q_80,usm_0.66_1.00_0.01,blur_2,enc_avif,quality_auto/fc4bd9_d49660afe0b949f29a0247dd647855e7_mv2.jpg]
[studioslowpace.wixsite.com/slowpacestudio/product-page/${s.76.delayed]
[studioslowpace.wixsite.com/slowpacestudio/product-page/window.location.77.delayed]
[studioslowpace.wixsite.com/slowpacestudio/product-page/robots.78.delayed]
[studioslowpace.wixsite.com/slowpacestudio/product-page/sitemap.79.delayed]
[studioslowpace.wixsite.com/slowpacestudio/product-page/feed.7a.delayed]
[static.parastorage.com/services/wixstores-client-product-page/1.4329.0/ProductPageViewerWidgetNoCss.bundle.min.js]
[studioslowpace.wixsite.com/slowpacestudio/product-page/e.7c.delayed]
[studioslowpace.wixsite.com/slowpacestudio/product-page/森林的終點是海卡牌.html]
[static.wixstatic.com/media/fc4bd9_724fd62bbf9347f7ab6b5c99c859d2ec_mv2.jpg/v1/crop/x_0,y_0,w_1076,h_463/fill/w_1076,h_363,al_c,q_85,enc_avif,quality_auto/exhibition_edited.jpg]
[static.wixstatic.com/media/fc4bd9_bcb7f283353c46c2b5a6bf11594de26d_mv2.jpg/v1/fill/w_122,h_81,al_c,q_80,usm_0.66_1.00_0.01,blur_2,enc_avif,quality_auto/fc4bd9_bcb7f283353c46c2b5a6bf11594de26d_mv2.jpg]
[static.wixstatic.com/media/fc4bd9_4b5c2bc17567415aa05121dac10e10db_mv2.jpg/v1/fill/w_123,h_82,al_c,q_80,usm_0.66_1.00_0.01,blur_2,enc_avif,quality_auto/fc4bd9_4b5c2bc17567415aa05121dac10e10db_mv2.jpg]
[static.wixstatic.com/media/fc4bd9_2d7bdeca583e40c9ab804ee4873bdfe9_mv2.jpg/v1/fill/w_122,h_81,al_c,q_80,usm_0.66_1.00_0.01,blur_2,enc_avif,quality_auto/fc4bd9_2d7bdeca583e40c9ab804ee4873bdfe9_mv2.jpg]
[static.wixstatic.com/media/fc4bd9_d712018adb8848f99b943f22c7bfb022_mv2.jpg/v1/fill/w_123,h_82,al_c,q_80,usm_0.66_1.00_0.01,blur_2,enc_avif,quality_auto/fc4bd9_d712018adb8848f99b943f22c7bfb022_mv2.jpg]
[static.wixstatic.com/media/fc4bd9_a86f23c10b894a4f9752a597d9cc5e89_mv2.jpg/v1/fill/w_122,h_81,al_c,q_80,usm_0.66_1.00_0.01,blur_2,enc_avif,quality_auto/fc4bd9_a86f23c10b894a4f9752a597d9cc5e89_mv2.jpg]
[static.wixstatic.com/media/fc4bd9_4ea68f1df30643379b0ea171a826772a_mv2.jpg/v1/fill/w_123,h_82,al_c,q_80,usm_0.66_1.00_0.01,blur_2,enc_avif,quality_auto/fc4bd9_4ea68f1df30643379b0ea171a826772a_mv2.jpg]
[static.wixstatic.com/media/fc4bd9_13dfdaa71c5945f6bc8da6e21425139b_mv2.jpg/v1/fill/w_122,h_81,al_c,q_80,usm_0.66_1.00_0.01,blur_2,enc_avif,quality_auto/fc4bd9_13dfdaa71c5945f6bc8da6e21425139b_mv2.jpg]
[static.wixstatic.com/media/fc4bd9_19c707bdee1842249b7d05a51ff98f46_mv2.jpg/v1/fill/w_123,h_95,al_c,q_80,usm_0.66_1.00_0.01,blur_2,enc_avif,quality_auto/fc4bd9_19c707bdee1842249b7d05a51ff98f46_mv2.jpg]
[static.wixstatic.com/media/fc4bd9_59b03b59a4194ca19cbbdbbfad6883b2_mv2.jpg/v1/fill/w_122,h_81,al_c,q_80,usm_0.66_1.00_0.01,blur_2,enc_avif,quality_auto/fc4bd9_59b03b59a4194ca19cbbdbbfad6883b2_mv2.jpg]
[static.wixstatic.com/media/fc4bd9_3023e29426f940f1898e64a006a65766_mv2.jpg/v1/fill/w_123,h_82,al_c,q_80,usm_0.66_1.00_0.01,blur_2,enc_avif,quality_auto/fc4bd9_3023e29426f940f1898e64a006a65766_mv2.jpg]
[studioslowpace.wixsite.com/slowpacestudio/被遺忘的一角展覽.html]
[studioslowpace.wixsite.com/slowpacestudio/product-page/C,location.html]
[studioslowpace.wixsite.com/slowpacestudio/product-page/t.html]
[studioslowpace.wixsite.com/slowpacestudio/product-page/o.html]
[studioslowpace.wixsite.com/slowpacestudio/product-page/${s.html]
[studioslowpace.wixsite.com/slowpacestudio/product-page/window.location.html]
[studioslowpace.wixsite.com/slowpacestudio/product-page/robots.html]
[studioslowpace.wixsite.com/slowpacestudio/product-page/sitemap.html]
[studioslowpace.wixsite.com/slowpacestudio/product-page/feed.html]
[studioslowpace.wixsite.com/slowpacestudio/product-page/e.html]
